// Jest Snapshot v1, https://goo.gl/fbAQLP

exports[`Logout renders correctly as espected 1`] = `
<button
  onClick={[Function]}
>
  Logout
</button>
`;
